[wvgbc.com/index.html]
[backblue.gif]
[fade.gif]
[index.html]
[images.squarespace-cdn.com/content/v1/604411ca3bcae94a8d7af043/1615073970449-A27Q7XWTKHM02LEOJT1G/faviconfc89.png]
[images.squarespace-cdn.com/content/604411ca3bcae94a8d7af043/239dbf1f-4a2d-4d0e-b65c-c38101f5dea1/WVGBC_Logo_2acd.png]
[assets.squarespace.com/@sqs/polyfiller/1.6/legacy.js]
[assets.squarespace.com/@sqs/polyfiller/1.6/modern.js]
[assets.squarespace.com/universal/scripts-compressed/extract-css-runtime-70f18f8b0b6bd469c4e8d-min.en-US.js]
[assets.squarespace.com/universal/scripts-compressed/cldr-resource-pack-110eab6cc05faf9931604-min.en-US.js]
[assets.squarespace.com/universal/scripts-compressed/common-vendors-stable-7df2661e23d95d8009d28-min.en-US.js]
[assets.squarespace.com/universal/scripts-compressed/performance-0b3f7b64dc4f91a2d739a-min.en-US.js]
[assets.squarespace.com/universal/scripts-compressed/extract-css-moment-js-vendor-e67ac5a108455ec4edca7-min.en-US.js]
[static1.squarespace.com/static/versioned-site-css/604411ca3bcae94a8d7af043/81/5c5a519771c10ba3470d8101/604411ca3bcae94a8d7af05e/1467/site.css]
[static1.squarespace.com/static/vta/5c5a519771c10ba3470d8101/versioned-assets/1699467906351-57EZFPH2B9UY1CKJS6AA/static.css]
[assets.squarespace.com/universal/scripts-compressed/common-vendors-b87503f824d7c2b78db70-min.en-US.js]
[images.squarespace-cdn.com/content/v1/604411ca3bcae94a8d7af043/7d29a60b-cc3c-4d65-8f60-99ef98072460/WVGBC_Logo_26f7.png]
[images.squarespace-cdn.com/content/v1/604411ca3bcae94a8d7af043/239dbf1f-4a2d-4d0e-b65c-c38101f5dea1/WVGBC_Logo_26f7.png]
[wvgbc.com/our-barrels.html]
[assets.squarespace.com/universal/scripts-compressed/common-256d525ca945e7b4f3609-min.en-US.js]
[wvgbc.com/process.html]
[wvgbc.com/cart.html]
[wvgbc.com/toast-char.html]
[wvgbc.com/ourstory.html]
[wvgbc.com/contact-us.html]
[wvgbc.com/gallery.html]
[wvgbc.com/quote.html]
[images.squarespace-cdn.com/content/v1/604411ca3bcae94a8d7af043/1616547451464-YGZ8C1F2ZFQZ4S3OALKI/Home_IMG1.jpg]
[images.squarespace-cdn.com/content/v1/604411ca3bcae94a8d7af043/1616547881147-ALWN2DV658HZ5H4QYF8D/Homepage_BrandVideo_IMG.jpg]
[static1.squarespace.com/static/604411ca3bcae94a8d7af043/t/611fc2adbc61ba6591353d01/1629471407533/WV+Great+Barrel+Company+Cooperage+Handbook.pdf]
[wvgbc.com/index.html]
[static1.squarespace.com/static/vta/5c5a519771c10ba3470d8101/scripts/site-bundle.39bb7368f6c4e5b4f6a462ce2efec60d.js]
[images.squarespace-cdn.com/index.html]
[fonts.googleapis.com/css23714.css]
[assets.squarespace.com/universal/scripts-compressed/extract-css-runtime-5b7498edff82f72467cf5-min.en-US.js]
[assets.squarespace.com/universal/scripts-compressed/performance-c1bd407077017a4909fa3-min.en-US.js]
[static1.squarespace.com/static/versioned-site-css/604411ca3bcae94a8d7af043/81/5c5a519771c10ba3470d8101/604411ca3bcae94a8d7af05e/1468/site.css]
[assets.squarespace.com/universal/scripts-compressed/common-vendors-bd9708b36dab78f39e13a-min.en-US.js]
[wvgbc.com/cart.html]
[assets.squarespace.com/universal/scripts-compressed/extract-css-runtime-d24208f9d4a2d12660b65-min.en-US.js]
[images.squarespace-cdn.com/content/v1/604411ca3bcae94a8d7af043/1623984339605-9RDGDSWNAU12HG5OI75M/OurBarrels_HeroWVGB.jpg]
[static1.squarespace.com/static/vta/5c5a519771c10ba3470d8101/scripts/site-bundle.118993f6a5b4c5a1876f41b7ceda12fd.js]
[wvgbc.com/our-barrels.html]
[images.squarespace-cdn.com/content/v1/604411ca3bcae94a8d7af043/1624286879389-NXA5YTQ8UPOHQ0W4PIKJ/robot+hero+high+res+cropped.jpg]
[assets.squarespace.com/universal/scripts-compressed/common-1b59d2d0f0150f687db3e-min.en-US.js]
[images.squarespace-cdn.com/content/v1/604411ca3bcae94a8d7af043/1622752567076-MK08V6W0429Y7EO1MH4T/WV+Mountains+Hero.jpg]
[images.squarespace-cdn.com/content/v1/604411ca3bcae94a8d7af043/1625233425180-6GWBN6FC6CVZG202HI4G/Audrina+Mill+sm.jpg]
[images.squarespace-cdn.com/content/v1/604411ca3bcae94a8d7af043/1616546373083-UGQK8W1PULKNABAB8CMB/OurProcess_IMG3.jpg]
[images.squarespace-cdn.com/content/v1/604411ca3bcae94a8d7af043/1616546261571-N5MJ8PDLE7FR8X2YLXRJ/OurProcess_IMG4.jpg]
[images.squarespace-cdn.com/content/v1/604411ca3bcae94a8d7af043/1627330389752-NI613OFXG2AU2B4UWVKF/TOASTED+STAVES+DETAILsm.jpg]
[images.squarespace-cdn.com/content/v1/604411ca3bcae94a8d7af043/1625155499889-IB678J9JAVZVUJC5QJ2Q/_CHAR+BOOTHsm.jpg]
[images.squarespace-cdn.com/content/v1/604411ca3bcae94a8d7af043/1628785662818-Y699ASFZ2YSV1VPX07IP/Clinton+Med.jpg]
[images.squarespace-cdn.com/content/v1/604411ca3bcae94a8d7af043/1622812685121-4SX6KASHUVZRTWN0NY5W/world+class+maintenance.jpg]
[wvgbc.com/process.html]
[images.squarespace-cdn.com/content/v1/604411ca3bcae94a8d7af043/1628946438212-3JZHXLTZGVZ1FW9QUW8W/WINDLESS-Edit.jpg]
[assets.squarespace.com/universal/scripts-compressed/extract-css-runtime-dfcbaffd5a11217c61a94-min.en-US.js]
[images.squarespace-cdn.com/content/v1/604411ca3bcae94a8d7af043/1623984680311-U5VWEW5IYH9KF4NIS02E/ToastChar_HeroIMG.jpg]
[images.squarespace-cdn.com/content/v1/604411ca3bcae94a8d7af043/1623984889140-72GDZY6AQI9231JPJ9OE/Toast_HeroIMG.jpg]
[images.squarespace-cdn.com/content/v1/604411ca3bcae94a8d7af043/1623984937531-51RJDXUCRNXGEMT2EBAA/Char_HeroIMG.jpg]
[assets.squarespace.com/universal/scripts-compressed/commerce-checkout-6a0f680b427b7d52511f9-min.en-US.js]
[wvgbc.com/toast-char.html]
[assets.squarespace.com/universal/scripts-compressed/extract-css-runtime-32f09f868dbacc28deea4-min.en-US.js]
[assets.squarespace.com/universal/scripts-compressed/common-vendors-ddbe5ade89a68db78eeb2-min.en-US.js]
[assets.squarespace.com/universal/scripts-compressed/performance-ded262abc958ecccd7a0c-min.en-US.js]
[images.squarespace-cdn.com/content/v1/604411ca3bcae94a8d7af043/1623986029304-48EFB5TXCOO4DJEP6ME0/AboutUs_IMG1.jpg]
[static1.squarespace.com/static/versioned-site-css/604411ca3bcae94a8d7af043/81/5c5a519771c10ba3470d8101/604411ca3bcae94a8d7af05e/1466/site.css]
[images.squarespace-cdn.com/content/v1/604411ca3bcae94a8d7af043/1623986082130-GXY1FHGLQ96HKKX0837Y/OurStory_IMG2.jpg]
[images.squarespace-cdn.com/content/v1/604411ca3bcae94a8d7af043/1625156693996-SPKRSYJ1I85Z8IIE4XGB/Mark+Sea+of+barrels+sm.jpg]
[assets.squarespace.com/universal/scripts-compressed/common-05b0b8c36b1b82e555e09-min.en-US.js]
[images.squarespace-cdn.com/content/v1/604411ca3bcae94a8d7af043/1623986355687-9RJPL9XLC99FWUQAOCOO/Homepage_BrandVideo_IMG.jpg]
[wvgbc.com/ourstory.html]
[static1.squarespace.com/static/vta/5c5a519771c10ba3470d8101/scripts/site-bundle.873f112badc9049b740a43e39def8d5d.js]
[images.squarespace-cdn.com/content/v1/604411ca3bcae94a8d7af043/1619838455094-Z9Z6Q7BOL2O8ZSFN57GG/Contact_IMG.jpg]
[wvgbc.com/contact-us.html]
[assets.squarespace.com/universal/scripts-compressed/extract-css-runtime-9b2cb6165c7a0b5beedf6-min.en-US.js]
[images.squarespace-cdn.com/content/v1/604411ca3bcae94a8d7af043/2396f94e-ba9e-4867-ae0c-ad439e3f2391/INSPECTING+BARREL.jpg]
[images.squarespace-cdn.com/content/v1/604411ca3bcae94a8d7af043/df3dcc16-d863-4a3d-8672-394f0125b053/DEBBIE+PLANED+STAVESsm.jpg]
[assets.squarespace.com/universal/scripts-compressed/common-vendors-a3b7b3d7281983bc789de-min.en-US.js]
[images.squarespace-cdn.com/content/v1/604411ca3bcae94a8d7af043/7b4a4664-843a-42b4-a759-2bf126494fac/WV+RIVETS+med.jpg]
[images.squarespace-cdn.com/content/v1/604411ca3bcae94a8d7af043/a8cd0719-db44-4142-864f-e889554b78c8/Clinton+Med.jpg]
[assets.squarespace.com/universal/scripts-compressed/common-4ba9aa33be446e04aa885-min.en-US.js]
[images.squarespace-cdn.com/content/v1/604411ca3bcae94a8d7af043/37fa45f9-641c-4677-8280-a2462b23e5fc/Audrina+Mill+sm.jpg]
[images.squarespace-cdn.com/content/v1/604411ca3bcae94a8d7af043/1630093762459-85FI2BTGA5WCYBLORCPS/image-asset.jpg]
[wvgbc.com/_https_/www.instagram.com/p/CSzr4wcnPiH/embed/___/iframe__.4b.delayed]
[images.squarespace-cdn.com/content/v1/604411ca3bcae94a8d7af043/1630091048293-WWOELIM501UIGIRZD6YZ/image-asset.jpg]
[wvgbc.com/_https_/www.instagram.com/p/CRrnXucjCXO/embed/___/iframe__.4d.delayed]
[images.squarespace-cdn.com/content/v1/604411ca3bcae94a8d7af043/1630091048988-2UYF6YQLYZEDHZTHFNDQ/image-asset.jpg]
[wvgbc.com/gallery.html]
[images.squarespace-cdn.com/content/v1/604411ca3bcae94a8d7af043/1623084788367-2BO6M3HK7YCY6PRN5ACZ/INSPECTING+BARREL.jpg]
[wvgbc.com/quote.html]
[wvgbc.com/_https_/www.instagram.com/p/CSzr4wcnPiH/embed/___/iframe__.html]
[wvgbc.com/_https_/www.instagram.com/p/CRrnXucjCXO/embed/___/iframe__.html]
[use.typekit.net/ik/vk4dVyddMxMOPWD5EuFix4W7ssoCSnN9Sudu5jIKy9jfe0J2fFHN4UJLFRbh52jhWDj3F2bUwAFywh4RjA9oFeItZ2iyZRMXwU7VMkG0jAFu-WsoShFGZAsude80ZkoRdhXCHKoyjamTiY8Djhy8ZYmC-Ao1Oco8if37OcBDOcu8OfG0jhB3pA48Sc]
[assets.squarespace.com/@sqs/polyfiller/1.6/legacy.js]
[assets.squarespace.com/universal/scripts-compressed/extract-css-runtime-70f18f8b0b6bd469c4e8d-min.en-US.js]
[assets.squarespace.com/@sqs/polyfiller/1.6/modern.js]
[assets.squarespace.com/universal/scripts-compressed/cldr-resource-pack-110eab6cc05faf9931604-min.en-US.js]
[assets.squarespace.com/universal/scripts-compressed/common-vendors-stable-7df2661e23d95d8009d28-min.en-US.js]
[assets.squarespace.com/universal/scripts-compressed/extract-css-moment-js-vendor-e67ac5a108455ec4edca7-min.en-US.js]
[assets.squarespace.com/universal/scripts-compressed/performance-0b3f7b64dc4f91a2d739a-min.en-US.js]
[images.squarespace-cdn.com/content/v1/604411ca3bcae94a8d7af043/7d29a60b-cc3c-4d65-8f60-99ef98072460/WVGBC_Logo_26f7.png]
[images.squarespace-cdn.com/content/v1/604411ca3bcae94a8d7af043/239dbf1f-4a2d-4d0e-b65c-c38101f5dea1/WVGBC_Logo_26f7.png]
[assets.squarespace.com/universal/scripts-compressed/common-vendors-b87503f824d7c2b78db70-min.en-US.js]
[assets.squarespace.com/universal/scripts-compressed/common-256d525ca945e7b4f3609-min.en-US.js]
[assets.squarespace.com/universal/scripts-compressed/extract-css-runtime-5b7498edff82f72467cf5-min.en-US.js]
[assets.squarespace.com/universal/images-v6/damask/error-dark.png]
[assets.squarespace.com/universal/scripts-compressed/common-vendors-bd9708b36dab78f39e13a-min.en-US.js]
[assets.squarespace.com/universal/images-v6/damask/error-dark@2x.png]
[assets.squarespace.com/universal/scripts-compressed/common-1b59d2d0f0150f687db3e-min.en-US.js]
[assets.squarespace.com/universal/images-v6/damask/play-button.png]
[assets.squarespace.com/universal/scripts-compressed/performance-c1bd407077017a4909fa3-min.en-US.js]
[assets.squarespace.com/universal/images-v6/damask/play-button@2x.png]
[assets.squarespace.com/universal/scripts-compressed/commerce-checkout-6a0f680b427b7d52511f9-min.en-US.js]
[images.squarespace-cdn.com/content/v1/604411ca3bcae94a8d7af043/1616547451464-YGZ8C1F2ZFQZ4S3OALKI/Home_IMG1.jpg]
[images.squarespace-cdn.com/content/v1/604411ca3bcae94a8d7af043/1616547881147-ALWN2DV658HZ5H4QYF8D/Homepage_BrandVideo_IMG.jpg]
[assets.squarespace.com/universal/images-v6/damask/edit-aviary-light.54.delayed]
[assets.squarespace.com/universal/scripts-compressed/extract-css-runtime-d24208f9d4a2d12660b65-min.en-US.js]
[images.squarespace-cdn.com/content/v1/604411ca3bcae94a8d7af043/1623984339605-9RDGDSWNAU12HG5OI75M/OurBarrels_HeroWVGB.jpg]
[assets.squarespace.com/universal/images-v6/damask/edit-aviary-light@2x.png]
[assets.squarespace.com/universal/images-v6/damask/edit-info-light.png]
[assets.squarespace.com/universal/scripts-compressed/extract-css-runtime-dfcbaffd5a11217c61a94-min.en-US.js]
[assets.squarespace.com/universal/images-v6/damask/edit-info-light@2x.png]
[assets.squarespace.com/universal/images-v6/damask/trash-9-light.png]
[assets.squarespace.com/universal/scripts-compressed/extract-css-runtime-32f09f868dbacc28deea4-min.en-US.js]
[assets.squarespace.com/universal/images-v6/damask/trash-9-light@2x.png]
[assets.squarespace.com/universal/images-v6/damask/trash-9-red.png]
[assets.squarespace.com/universal/scripts-compressed/performance-ded262abc958ecccd7a0c-min.en-US.js]
[assets.squarespace.com/universal/images-v6/damask/trash-9-red@2x.png]
[assets.squarespace.com/universal/images-v6/damask/getty-16-light.png]
[assets.squarespace.com/universal/images-v6/damask/getty-32-light.png]
[assets.squarespace.com/universal/images-v6/damask/shopping-cart-16-light.png]
[assets.squarespace.com/universal/images-v6/damask/shopping-cart-32-light.png]
[assets.squarespace.com/universal/scripts-compressed/common-vendors-ddbe5ade89a68db78eeb2-min.en-US.js]
[assets.squarespace.com/universal/scripts-compressed/common-05b0b8c36b1b82e555e09-min.en-US.js]
[images.squarespace-cdn.com/content/v1/604411ca3bcae94a8d7af043/1623986082130-GXY1FHGLQ96HKKX0837Y/OurStory_IMG2.jpg]
[assets.squarespace.com/universal/scripts-compressed/extract-css-runtime-9b2cb6165c7a0b5beedf6-min.en-US.js]
[assets.squarespace.com/universal/scripts-compressed/common-vendors-a3b7b3d7281983bc789de-min.en-US.js]
[assets.squarespace.com/universal/scripts-compressed/common-4ba9aa33be446e04aa885-min.en-US.js]
[assets.squarespace.com/universal/images-v6/icons/block-indicator-dark.png]
[assets.squarespace.com/universal/images-v6/damask/edit-info-light@2x.png]
[assets.squarespace.com/universal/images-v6/damask/trash-9-light.png]
[assets.squarespace.com/universal/images-v6/damask/trash-9-light@2x.png]
[images.squarespace-cdn.com/content/v1/604411ca3bcae94a8d7af043/2396f94e-ba9e-4867-ae0c-ad439e3f2391/INSPECTING+BARREL.jpg]
[assets.squarespace.com/universal/images-v6/damask/trash-9-red.png]
[assets.squarespace.com/universal/images-v6/damask/getty-16-light.png]
[assets.squarespace.com/universal/images-v6/damask/trash-9-red@2x.png]
[assets.squarespace.com/universal/images-v6/icons/block-indicator-dark@2x.png]
[assets.squarespace.com/universal/images-v6/damask/shopping-cart-16-light.png]
[assets.squarespace.com/universal/images-v6/damask/shopping-cart-32-light.png]
[assets.squarespace.com/universal/images-v6/damask/getty-32-light.png]
[assets.squarespace.com/universal/fonts/squarespace-ui-font.svg]
[assets.squarespace.com/universal/images-v6/icons/opentable-icons.svg]
[assets.squarespace.com/universal/images-v6/icons/opentable-icons.png]
[assets.squarespace.com/universal/images-v6/icons/icon-searchqueries-20-dark.png]
[assets.squarespace.com/universal/images-v6/icons/icon-searchqueries-20-light.png]
[assets.squarespace.com/universal/images-v6/icons/icon-video-24-light-solid.png]
[assets.squarespace.com/universal/images-v6/standard/icon_close_7_light.png]
[assets.squarespace.com/universal/images-v6/icons/icon-settings-16-light.png]
[assets.squarespace.com/universal/fonts/social-20141119/social-icon-font.svg]
[static1.squarespace.com/s/WVGBC_Logo_.svg]
[static1.squarespace.com/s/WVGBC_Logo_ShieldIcon.svg]
[static1.squarespace.com/static/versioned-site-css/604411ca3bcae94a8d7af043/81/5c5a519771c10ba3470d8101/604411ca3bcae94a8d7af05e/1467/site.css]
[static1.squarespace.com/static/vta/5c5a519771c10ba3470d8101/versioned-assets/1699467906351-57EZFPH2B9UY1CKJS6AA/static.css]
[wvgbc.com/our-barrels.html]
[static1.squarespace.com/static/versioned-site-css/604411ca3bcae94a8d7af043/81/5c5a519771c10ba3470d8101/604411ca3bcae94a8d7af05e/1468/site.css]
[static1.squarespace.com/static/versioned-site-css/604411ca3bcae94a8d7af043/81/5c5a519771c10ba3470d8101/604411ca3bcae94a8d7af05e/1466/site.css]
[wvgbc.com/_https_/www.instagram.com/p/CSzr4wcnPiH/embed/___/iframe__.html]
[wvgbc.com/_https_/www.instagram.com/p/CRrnXucjCXO/embed/___/iframe__.html]
[assets.squarespace.com/universal/fonts/squarespace-ui-font.svg]
[assets.squarespace.com/universal/images-v6/icons/opentable-icons.svg]
[assets.squarespace.com/universal/fonts/social-20141119/social-icon-font.svg]
[static1.squarespace.com/s/WVGBC_Logo_.html]
[static1.squarespace.com/s/WVGBC_Logo_ShieldIcon.html]
